<html>
<body>
<pre>
<h1>µVision Build Log</h1>
<h2>Tool Versions:</h2>
IDE-Version: ¦ÌVision V5.14.0.0
Copyright (C) 2015 ARM Ltd and ARM Germany GmbH. All rights reserved.
License Information: sundy Microsoft, Microsoft, LIC=03C9U-SLVEG-74BS0-BEHZB-IPF1G-DXZ7T
 
Tool Versions:
Toolchain:       MDK-ARM Standard  Version: 5.14.0.0
Toolchain Path:  D:\Program Files\keil5\ARM\ARMCC\Bin
C Compiler:      Armcc.exe V5.05 update 1 (build 106)
Assembler:       Armasm.exe V5.05 update 1 (build 106)
Linker/Locator:  ArmLink.exe V5.05 update 1 (build 106)
Library Manager: ArmAr.exe V5.05 update 1 (build 106)
Hex Converter:   FromElf.exe V5.05 update 1 (build 106)
CPU DLL:         SARMCM3.DLL V5.14.0.0
Dialog DLL:      DARMSTM.DLL V1.65.0.0
Target DLL:      UL2CM3.DLL V1.155.0.0
Dialog DLL:      TARMSTM.DLL V1.64.0.0
 
<h2>Project:</h2>
C:\Users\Administrator\Desktop\stm32-uart-chenlong\stm32-uart-chenlong\MDK-ARM\Project.uvprojx
Project File Date:  12/09/2016

<h2>Output:</h2>
Build target 'STM32F103'
compiling main.c...
..\USER\main.c(56): warning:  #940-D: missing return statement at end of non-void function "nextWord"
   }
..\USER\main.c(48): warning:  #177-D: variable "temp" was declared but never referenced
       uint8_t temp[64]={0};
..\USER\main.c(75): warning:  #120-D: return value type does not match the function type
              return old_bufferM26; 
..\USER\main.c(188): warning:  #167-D: argument of type "uint8_t *" is incompatible with parameter of type "const char *"
        sendStrToUsart1(bufferM26);
..\USER\main.c(201): warning:  #167-D: argument of type "uint8_t *" is incompatible with parameter of type "const char *"
        sendStrToUsart1(bufferM26);
..\USER\main.c(229): warning:  #167-D: argument of type "uint8_t *" is incompatible with parameter of type "const char *"
        sendStrToUsart1(bufferM26);
..\USER\main.c: 6 warnings, 0 errors
compiling delay.c...
linking...
Program Size: Code=3556 RO-data=336 RW-data=68 ZI-data=1540  
FromELF: creating hex file...
".\Obj\Project.axf" - 0 Error(s), 6 Warning(s).

<h2>Software Packages used:</h2>

Package Vendor: ARM
                http://www.keil.com/pack/ARM.CMSIS.4.2.0.pack
                ARM::CMSIS:CORE:3.40.0
                CMSIS (Cortex Microcontroller Software Interface Standard)
   * Component: CORE Version: 3.40.0

<h2>Collection of Component include folders:</h2>
  C:\Users\Administrator\Desktop\stm32-uart-chenlong\stm32-uart-chenlong\MDK-ARM\RTE
  D:\Program Files\keil5\ARM\PACK\ARM\CMSIS\4.2.0\CMSIS\Include
  D:\Program Files\keil5\ARM\PACK\Keil\STM32F1xx_DFP\2.1.0

<h2>Collection of Component Files used:</h2>

   * Component: ARM::CMSIS:CORE:3.40.0
      Source file:   CMSIS\UserCodeTemplates\ARM\ITM_Retarget.c
</pre>
</body>
</html>
